mysql> insert into visit2nf 
    -> (email, check_in_time,
    -> check_out_time, location, purpose, purpose_achieved, tutoring, comments)
    -> select first_name, last_name, email, location, check_in_time,
    -> check_out_time, location, purpose, purpose_achieved, tutoring, comments
    -> from visit1nf;
ERROR 1136 (21S01): Column count doesn't match value count at row 1
mysql> insert into visit2nf  (email, check_in_time, check_out_time, location, purpose, purpose_achieved, tutoring, comments) select first_name, last_name, email, location, check_in_time, check_out_time, location, purpose, purpose_achieved, tutoring, comments from visit1nf;
ERROR 1136 (21S01): Column count doesn't match value count at row 1
mysql> insert into visit2nf  (email, check_in_time, check_out_time, location, purpose, purpose_achieved, tutoring, comments) select email, location, check_in_time, check_out_time, location, purpose, purpose_achieved, tutoring, comments from visit1nf;
ERROR 1136 (21S01): Column count doesn't match value count at row 1
mysql> insert into visit2nf  (email, check_in_time, check_out_time, location, purpose, purpose_achieved, tutoring, comments) select email, check_in_time, check_out_time, location, purpose, purpose_achieved, tutoring, comments from visit1nf;
ERROR 1452 (23000): Cannot add or update a child row: a foreign key constraint fails (`learning_center`.`visit2nf`, CONSTRAINT `visit2nf_ibfk_1` FOREIGN KEY (`email`) REFERENCES `student` (`email`))
mysql> insert into visit2nf  (email, check_in_time, check_out_time, location, purpose, purpose_achieved, tutoring, comments) select email, check_in_time, check_out_time, location, purpose, purpose_achieved, tutoring, comments from visit1nf;
ERROR 1452 (23000): Cannot add or update a child row: a foreign key constraint fails (`learning_center`.`visit2nf`, CONSTRAINT `visit2nf_ibfk_1` FOREIGN KEY (`email`) REFERENCES `student` (`email`))
mysql> insert into student
    ->     ->   (first_name, last_name, email, academic_rank, residential_status,
    ->     ->   slp_instructor_first_name, slp_instructor_last_name)
    ->     ->   select first_name, last_name, email, academic_rank, residential_status,
    ->     ->   slp_instructor_first_name, slp_instructor_last_name
    ->     ->   from visit1nf;
ERROR 1064 (42000): You have an error in your SQL syntax; check the manual that corresponds to your MySQL server version for the right syntax to use near '->   (first_name, last_name, email, academic_rank, residential_status,
    ->   ' at line 2
mysql> insert into student
    -> (first_name, last_name, email, academic_rank, residential_status,
    -> slp_instructor_first_name, slp_instructor_last_name)
    -> select first_name, last_name, email, academic_rank, residential_status,
    -> slp_instructor_first_name, slp_instructor_last_name
    -> from visit1nf;
ERROR 1062 (23000): Duplicate entry 'ccadillac@dewv.net' for key 'student.PRIMARY'
mysql> select * from visit1nf
    -> ;
+------------+-----------+---------------------+---------------+--------------------+---------------------------+--------------------------+---------------------+---------------------+----------------+-------------------------+------------------+----------+--------------------------------------+
| first_name | last_name | email               | academic_rank | residential_status | slp_instructor_first_name | slp_instructor_last_name | check_in_time       | check_out_time      | location       | purpose                 | purpose_achieved | tutoring | comments                             |
+------------+-----------+---------------------+---------------+--------------------+---------------------------+--------------------------+---------------------+---------------------+----------------+-------------------------+------------------+----------+--------------------------------------+
| Alice      | Albert    | aalbert@dewv.net    | Senior        | On campus          | Sam                       | Studybuddy               | 2016-08-30 16:15:05 | 2016-08-30 16:50:04 | Albert Hall    | Study hall              | Y                | NULL     | NULL                                 |
| Bob        | Booth     | bbooth@dewv.net     | Junior        | On campus          | NULL                      | NULL                     | 2016-08-30 16:44:54 | 2016-08-30 16:53:44 | Albert Hall    | study hall              | Y                | NULL     | New year, fresh start!               |
| Charlie    | Cadillac  | ccadillac@dewv.net  | Senior        | Off campus         | Tery                      | Tutor                    | 2016-08-30 14:55:55 | 2016-08-30 16:53:44 | Albert Hall    | baseball meeting        | ?                | NULL     | NULL                                 |
| Charlie    | Cadillac  | ccadillac@dewv.net  | Senior        | Off campus         | Tery                      | Tutor                    | 2016-08-31 11:51:15 | 2016-08-31 11:53:44 | Albert Hall    | get form signature      | Y                | NULL     | NULL                                 |
| Debbie     | Davis     | ddavis@dewv.net     | Sophomore     | On campus          | NULL                      | NULL                     | 2016-08-30 16:36:56 | 2016-08-30 17:57:47 | Albert Hall    | Tour of learning center | Y                | NULL     | NULL                                 |
| Debbie     | Davis     | ddavis@dewv.net     | Sophomore     | On campus          | NULL                      | NULL                     | 2016-08-31 13:36:36 | 2016-08-31 14:47:44 | Writing center | Help with paper         | Y                | NULL     | NULL                                 |
| Debbie     | Davis     | ddavis@dewv.net     | Sophomore     | On campus          | NULL                      | NULL                     | 2016-08-31 16:00:06 | NULL                | Albert Hall    | MATH 101                | NULL             | NULL     | NULL                                 |
| Eric       | Elkins    | eelkins@dewv.net    | Senior        | Off campus         | NULL                      | NULL                     | 2016-08-30 16:49:59 | 2016-08-30 16:56:46 | Albert Hall    | Team Meeting            | N                | NULL     | Sorry coach i had wrong time. my bad |
| Frank      | Forest    | fforest@dewv.net    | Sophomore     | On campus          | NULL                      | NULL                     | 2016-08-30 16:59:05 | 2016-08-30 17:03:40 | Albert Hall    | math help               | Y                | Math 101 | NULL                                 |
| Frank      | Forest    | fforest@dewv.net    | Sophomore     | On campus          | NULL                      | NULL                     | 2016-08-31 11:19:15 | 2016-08-31 12:23:22 | Albert Hall    | math help               | Y                | MATH 101 | NULL                                 |
| Gary       | Gatehouse | ggatehouse@dewv.net | Junior        | On campus          | Terry                     | Tutor                    | 2016-08-30 14:35:55 | 2016-08-30 15:53:44 | Albert Hall    | study hall              | Y                | NULL     | New year, fresh start!               |
| Gary       | Gatehouse | ggatehouse@dewv.net | Junior        | On campus          | Terry                     | Tutor                    | 2016-08-31 14:36:56 | 2016-08-31 15:30:00 | Albert Hall    | study hall              | Y                | NULL     | NULL                                 |
| Hannah     | Hermanson | hhermanson@dewv.net | Senior        | On campus          | NULL                      | NULL                     | 2016-08-30 16:55:55 | 2016-08-30 16:59:44 | Albert Hall    | study hall              | Y                | NULL     | NULL                                 |
| Irving     | Icehouse  | iicehouse@dewv.net  | Junior        | On campus          | Sam                       | Studybuddy               | 2016-08-30 15:56:56 | 2016-08-30 16:56:46 | Albert Hall    | Meet SLP instructor     | Y                | NULL     | Cubicle B computer is not working.   |
+------------+-----------+---------------------+---------------+--------------------+---------------------------+--------------------------+---------------------+---------------------+----------------+-------------------------+------------------+----------+--------------------------------------+
14 rows in set (0.00 sec)

mysql> insert into student (first_name, last_name, email, academic_rank, residential_status, slp_instructor_first_name, slp_instructor_last_name) select first_name, last_name, email, academic_rank, residential_status, slp_instructor_first_name, slp_instructor_last_name from visit1nf;
ERROR 1062 (23000): Duplicate entry 'ccadillac@dewv.net' for key 'student.PRIMARY'
mysql> insert into student (first_name, last_name, email, academic_rank, residential_status, slp_instructor_first_name, slp_instructor_last_name) select distinct first_name, last_name, email, academic_rank, residential_status, slp_instructor_first_name, slp_instructor_last_name from visit1nf;
Query OK, 9 rows affected (0.23 sec)
Records: 9  Duplicates: 0  Warnings: 0

mysql> insert into visit2nf  (email, check_in_time, check_out_time, location, purpose, purpose_achieved, tutoring, comments) select email, check_in_time, check_out_time, location, purpose, purpose_achieved, tutoring, comments from visit1nf;
Query OK, 14 rows affected (0.13 sec)
Records: 14  Duplicates: 0  Warnings: 0

mysql> notee
